Archive member included to satisfy reference by file (symbol)

c:/users/riyamoll/downloads/eclipse-cpp-neon-3-win32/eclipse/plugins/fr.ac6.mcu.externaltools.arm-none.win32_1.13.3.201707031232/tools/compiler/bin/../lib/gcc/arm-none-eabi/5.4.1/armv6-m\libgcc.a(_udivsi3.o)
                              Drivers/STM32F0xx_HAL_Driver/Src/stm32f0xx_hal.o (__aeabi_uidiv)
c:/users/riyamoll/downloads/eclipse-cpp-neon-3-win32/eclipse/plugins/fr.ac6.mcu.externaltools.arm-none.win32_1.13.3.201707031232/tools/compiler/bin/../lib/gcc/arm-none-eabi/5.4.1/armv6-m\libgcc.a(_dvmd_tls.o)
                              c:/users/riyamoll/downloads/eclipse-cpp-neon-3-win32/eclipse/plugins/fr.ac6.mcu.externaltools.arm-none.win32_1.13.3.201707031232/tools/compiler/bin/../lib/gcc/arm-none-eabi/5.4.1/armv6-m\libgcc.a(_udivsi3.o) (__aeabi_idiv0)
c:/users/riyamoll/downloads/eclipse-cpp-neon-3-win32/eclipse/plugins/fr.ac6.mcu.externaltools.arm-none.win32_1.13.3.201707031232/tools/compiler/bin/../lib/gcc/arm-none-eabi/5.4.1/../../../../arm-none-eabi/lib/armv6-m\libc_nano.a(lib_a-exit.o)
                              c:/users/riyamoll/downloads/eclipse-cpp-neon-3-win32/eclipse/plugins/fr.ac6.mcu.externaltools.arm-none.win32_1.13.3.201707031232/tools/compiler/bin/../lib/gcc/arm-none-eabi/5.4.1/../../../../arm-none-eabi/lib/armv6-m/crt0.o (exit)
c:/users/riyamoll/downloads/eclipse-cpp-neon-3-win32/eclipse/plugins/fr.ac6.mcu.externaltools.arm-none.win32_1.13.3.201707031232/tools/compiler/bin/../lib/gcc/arm-none-eabi/5.4.1/../../../../arm-none-eabi/lib/armv6-m\libc_nano.a(lib_a-impure.o)
                              c:/users/riyamoll/downloads/eclipse-cpp-neon-3-win32/eclipse/plugins/fr.ac6.mcu.externaltools.arm-none.win32_1.13.3.201707031232/tools/compiler/bin/../lib/gcc/arm-none-eabi/5.4.1/../../../../arm-none-eabi/lib/armv6-m\libc_nano.a(lib_a-exit.o) (_global_impure_ptr)
c:/users/riyamoll/downloads/eclipse-cpp-neon-3-win32/eclipse/plugins/fr.ac6.mcu.externaltools.arm-none.win32_1.13.3.201707031232/tools/compiler/bin/../lib/gcc/arm-none-eabi/5.4.1/../../../../arm-none-eabi/lib/armv6-m\libc_nano.a(lib_a-init.o)
                              c:/users/riyamoll/downloads/eclipse-cpp-neon-3-win32/eclipse/plugins/fr.ac6.mcu.externaltools.arm-none.win32_1.13.3.201707031232/tools/compiler/bin/../lib/gcc/arm-none-eabi/5.4.1/../../../../arm-none-eabi/lib/armv6-m/crt0.o (__libc_init_array)
c:/users/riyamoll/downloads/eclipse-cpp-neon-3-win32/eclipse/plugins/fr.ac6.mcu.externaltools.arm-none.win32_1.13.3.201707031232/tools/compiler/bin/../lib/gcc/arm-none-eabi/5.4.1/../../../../arm-none-eabi/lib/armv6-m\libc_nano.a(lib_a-memcpy-stub.o)
                              Drivers/STM32F0xx_HAL_Driver/Src/stm32f0xx_hal_rcc.o (memcpy)
c:/users/riyamoll/downloads/eclipse-cpp-neon-3-win32/eclipse/plugins/fr.ac6.mcu.externaltools.arm-none.win32_1.13.3.201707031232/tools/compiler/bin/../lib/gcc/arm-none-eabi/5.4.1/../../../../arm-none-eabi/lib/armv6-m\libc_nano.a(lib_a-memmove.o)
                              Src/sh1106test.o (memmove)
c:/users/riyamoll/downloads/eclipse-cpp-neon-3-win32/eclipse/plugins/fr.ac6.mcu.externaltools.arm-none.win32_1.13.3.201707031232/tools/compiler/bin/../lib/gcc/arm-none-eabi/5.4.1/../../../../arm-none-eabi/lib/armv6-m\libc_nano.a(lib_a-memset.o)
                              c:/users/riyamoll/downloads/eclipse-cpp-neon-3-win32/eclipse/plugins/fr.ac6.mcu.externaltools.arm-none.win32_1.13.3.201707031232/tools/compiler/bin/../lib/gcc/arm-none-eabi/5.4.1/../../../../arm-none-eabi/lib/armv6-m/crt0.o (memset)
c:/users/riyamoll/downloads/eclipse-cpp-neon-3-win32/eclipse/plugins/fr.ac6.mcu.externaltools.arm-none.win32_1.13.3.201707031232/tools/compiler/bin/../lib/gcc/arm-none-eabi/5.4.1/../../../../arm-none-eabi/lib/armv6-m\libnosys.a(_exit.o)
                              c:/users/riyamoll/downloads/eclipse-cpp-neon-3-win32/eclipse/plugins/fr.ac6.mcu.externaltools.arm-none.win32_1.13.3.201707031232/tools/compiler/bin/../lib/gcc/arm-none-eabi/5.4.1/../../../../arm-none-eabi/lib/armv6-m\libc_nano.a(lib_a-exit.o) (_exit)

Allocating common symbols
Common symbol       size              file

uwTick              0x4               Drivers/STM32F0xx_HAL_Driver/Src/stm32f0xx_hal.o
pFlash              0x20              Drivers/STM32F0xx_HAL_Driver/Src/stm32f0xx_hal_flash.o
hspi1               0x64              Src/main.o

Discarded input sections

 .text          0x00000000        0x0 c:/users/riyamoll/downloads/eclipse-cpp-neon-3-win32/eclipse/plugins/fr.ac6.mcu.externaltools.arm-none.win32_1.13.3.201707031232/tools/compiler/bin/../lib/gcc/arm-none-eabi/5.4.1/armv6-m/crti.o
 .data          0x00000000        0x0 c:/users/riyamoll/downloads/eclipse-cpp-neon-3-win32/eclipse/plugins/fr.ac6.mcu.externaltools.arm-none.win32_1.13.3.201707031232/tools/compiler/bin/../lib/gcc/arm-none-eabi/5.4.1/armv6-m/crti.o
[...]
Memory Configuration

Name             Origin             Length             Attributes
RAM              0x20000000         0x00002000         xrw
FLASH            0x08000000         0x00010000         xr
*default*        0x00000000         0xffffffff

Linker script and memory map

LOAD c:/users/riyamoll/downloads/eclipse-cpp-neon-3-win32/eclipse/plugins/fr.ac6.mcu.externaltools.arm-none.win32_1.13.3.201707031232/tools/compiler/bin/../lib/gcc/arm-none-eabi/5.4.1/armv6-m/crti.o
LOAD c:/users/riyamoll/downloads/eclipse-cpp-neon-3-win32/eclipse/plugins/fr.ac6.mcu.externaltools.arm-none.win32_1.13.3.201707031232/tools/compiler/bin/../lib/gcc/arm-none-eabi/5.4.1/armv6-m/crtbegin.o
LOAD c:/users/riyamoll/downloads/eclipse-cpp-neon-3-win32/eclipse/plugins/fr.ac6.mcu.externaltools.arm-none.win32_1.13.3.201707031232/tools/compiler/bin/../lib/gcc/arm-none-eabi/5.4.1/../../../../arm-none-eabi/lib/armv6-m/crt0.o
LOAD Drivers/STM32F0xx_HAL_Driver/Src/stm32f0xx_hal.o
LOAD Drivers/STM32F0xx_HAL_Driver/Src/stm32f0xx_hal_cortex.o
LOAD Drivers/STM32F0xx_HAL_Driver/Src/stm32f0xx_hal_dma.o
LOAD Drivers/STM32F0xx_HAL_Driver/Src/stm32f0xx_hal_flash.o
LOAD Drivers/STM32F0xx_HAL_Driver/Src/stm32f0xx_hal_flash_ex.o
LOAD Drivers/STM32F0xx_HAL_Driver/Src/stm32f0xx_hal_gpio.o
LOAD Drivers/STM32F0xx_HAL_Driver/Src/stm32f0xx_hal_i2c.o
LOAD Drivers/STM32F0xx_HAL_Driver/Src/stm32f0xx_hal_i2c_ex.o
LOAD Drivers/STM32F0xx_HAL_Driver/Src/stm32f0xx_hal_pwr.o
LOAD Drivers/STM32F0xx_HAL_Driver/Src/stm32f0xx_hal_pwr_ex.o
LOAD Drivers/STM32F0xx_HAL_Driver/Src/stm32f0xx_hal_rcc.o
LOAD Drivers/STM32F0xx_HAL_Driver/Src/stm32f0xx_hal_rcc_ex.o
LOAD Drivers/STM32F0xx_HAL_Driver/Src/stm32f0xx_hal_spi.o
LOAD Drivers/STM32F0xx_HAL_Driver/Src/stm32f0xx_hal_spi_ex.o
LOAD Drivers/STM32F0xx_HAL_Driver/Src/stm32f0xx_hal_tim.o
LOAD Drivers/STM32F0xx_HAL_Driver/Src/stm32f0xx_hal_tim_ex.o
LOAD Src/main.o
LOAD Src/sh1106.o
LOAD Src/sh1106test.o
LOAD Src/stm32f0xx_hal_msp.o
LOAD Src/stm32f0xx_it.o
LOAD Src/system_stm32f0xx.o
LOAD startup/startup_stm32f030x8.o
LOAD c:/users/riyamoll/downloads/eclipse-cpp-neon-3-win32/eclipse/plugins/fr.ac6.mcu.externaltools.arm-none.win32_1.13.3.201707031232/tools/compiler/bin/../lib/gcc/arm-none-eabi/5.4.1/../../../../arm-none-eabi/lib/armv6-m\libm.a
START GROUP
LOAD c:/users/riyamoll/downloads/eclipse-cpp-neon-3-win32/eclipse/plugins/fr.ac6.mcu.externaltools.arm-none.win32_1.13.3.201707031232/tools/compiler/bin/../lib/gcc/arm-none-eabi/5.4.1/armv6-m\libgcc.a
LOAD c:/users/riyamoll/downloads/eclipse-cpp-neon-3-win32/eclipse/plugins/fr.ac6.mcu.externaltools.arm-none.win32_1.13.3.201707031232/tools/compiler/bin/../lib/gcc/arm-none-eabi/5.4.1/../../../../arm-none-eabi/lib/armv6-m\libc_nano.a
END GROUP
START GROUP
LOAD c:/users/riyamoll/downloads/eclipse-cpp-neon-3-win32/eclipse/plugins/fr.ac6.mcu.externaltools.arm-none.win32_1.13.3.201707031232/tools/compiler/bin/../lib/gcc/arm-none-eabi/5.4.1/armv6-m\libgcc.a
LOAD c:/users/riyamoll/downloads/eclipse-cpp-neon-3-win32/eclipse/plugins/fr.ac6.mcu.externaltools.arm-none.win32_1.13.3.201707031232/tools/compiler/bin/../lib/gcc/arm-none-eabi/5.4.1/../../../../arm-none-eabi/lib/armv6-m\libc_nano.a
LOAD c:/users/riyamoll/downloads/eclipse-cpp-neon-3-win32/eclipse/plugins/fr.ac6.mcu.externaltools.arm-none.win32_1.13.3.201707031232/tools/compiler/bin/../lib/gcc/arm-none-eabi/5.4.1/../../../../arm-none-eabi/lib/armv6-m\libnosys.a
END GROUP
START GROUP
LOAD c:/users/riyamoll/downloads/eclipse-cpp-neon-3-win32/eclipse/plugins/fr.ac6.mcu.externaltools.arm-none.win32_1.13.3.201707031232/tools/compiler/bin/../lib/gcc/arm-none-eabi/5.4.1/armv6-m\libgcc.a
LOAD c:/users/riyamoll/downloads/eclipse-cpp-neon-3-win32/eclipse/plugins/fr.ac6.mcu.externaltools.arm-none.win32_1.13.3.201707031232/tools/compiler/bin/../lib/gcc/arm-none-eabi/5.4.1/../../../../arm-none-eabi/lib/armv6-m\libc_nano.a
LOAD c:/users/riyamoll/downloads/eclipse-cpp-neon-3-win32/eclipse/plugins/fr.ac6.mcu.externaltools.arm-none.win32_1.13.3.201707031232/tools/compiler/bin/../lib/gcc/arm-none-eabi/5.4.1/../../../../arm-none-eabi/lib/armv6-m\libnosys.a
END GROUP
LOAD c:/users/riyamoll/downloads/eclipse-cpp-neon-3-win32/eclipse/plugins/fr.ac6.mcu.externaltools.arm-none.win32_1.13.3.201707031232/tools/compiler/bin/../lib/gcc/arm-none-eabi/5.4.1/armv6-m/crtend.o
LOAD c:/users/riyamoll/downloads/eclipse-cpp-neon-3-win32/eclipse/plugins/fr.ac6.mcu.externaltools.arm-none.win32_1.13.3.201707031232/tools/compiler/bin/../lib/gcc/arm-none-eabi/5.4.1/armv6-m/crtn.o
                0x20002000                _estack = 0x20002000
                0x00000200                _Min_Heap_Size = 0x200
                0x00000400                _Min_Stack_Size = 0x400

.isr_vector     0x08000000       0xc0
                0x08000000                . = ALIGN (0x4)
 *(.isr_vector)
 .isr_vector    0x08000000       0xc0 startup/startup_stm32f030x8.o
                0x08000000                g_pfnVectors
                0x080000c0                . = ALIGN (0x4)

.text           0x080000c0     0x18f0
                0x080000c0                . = ALIGN (0x4)
 *(.text)
 .text          0x080000c0       0x60 c:/users/riyamoll/downloads/eclipse-cpp-neon-3-win32/eclipse/plugins/fr.ac6.mcu.externaltools.arm-none.win32_1.13.3.201707031232/tools/compiler/bin/../lib/gcc/arm-none-eabi/5.4.1/armv6-m/crtbegin.o
 .text          0x08000120      0x114 c:/users/riyamoll/downloads/eclipse-cpp-neon-3-win32/eclipse/plugins/fr.ac6.mcu.externaltools.arm-none.win32_1.13.3.201707031232/tools/compiler/bin/../lib/gcc/arm-none-eabi/5.4.1/armv6-m\libgcc.a(_udivsi3.o)
                0x08000120                __aeabi_uidiv
                0x08000120                __udivsi3
                0x0800022c                __aeabi_uidivmod
 .text          0x08000234        0x4 c:/users/riyamoll/downloads/eclipse-cpp-neon-3-win32/eclipse/plugins/fr.ac6.mcu.externaltools.arm-none.win32_1.13.3.201707031232/tools/compiler/bin/../lib/gcc/arm-none-eabi/5.4.1/armv6-m\libgcc.a(_dvmd_tls.o)
                0x08000234                __aeabi_idiv0
                0x08000234                __aeabi_ldiv0
 *(.text*)
 .text.HAL_InitTick
                0x08000238       0x24 Drivers/STM32F0xx_HAL_Driver/Src/stm32f0xx_hal.o
                0x08000238                HAL_InitTick
 .text.HAL_Init
                0x0800025c       0x20 Drivers/STM32F0xx_HAL_Driver/Src/stm32f0xx_hal.o
                0x0800025c                HAL_Init
 .text.HAL_IncTick
                0x0800027c       0x10 Drivers/STM32F0xx_HAL_Driver/Src/stm32f0xx_hal.o
                0x0800027c                HAL_IncTick
 .text.HAL_GetTick
                0x0800028c        0xc Drivers/STM32F0xx_HAL_Driver/Src/stm32f0xx_hal.o
                0x0800028c                HAL_GetTick
 .text.HAL_Delay
                0x08000298       0x24 Drivers/STM32F0xx_HAL_Driver/Src/stm32f0xx_hal.o
                0x08000298                HAL_Delay
 .text.HAL_NVIC_SetPriority
                0x080002bc       0x64 Drivers/STM32F0xx_HAL_Driver/Src/stm32f0xx_hal_cortex.o
                0x080002bc                HAL_NVIC_SetPriority
 .text.HAL_SYSTICK_Config
                0x08000320       0x38 Drivers/STM32F0xx_HAL_Driver/Src/stm32f0xx_hal_cortex.o
                0x08000320                HAL_SYSTICK_Config
 .text.HAL_SYSTICK_CLKSourceConfig
                0x08000358       0x20 Drivers/STM32F0xx_HAL_Driver/Src/stm32f0xx_hal_cortex.o
                0x08000358                HAL_SYSTICK_CLKSourceConfig
 .text.HAL_SYSTICK_Callback
                0x08000378        0x4 Drivers/STM32F0xx_HAL_Driver/Src/stm32f0xx_hal_cortex.o
                0x08000378                HAL_SYSTICK_Callback
 .text.HAL_SYSTICK_IRQHandler
                0x0800037c        0x8 Drivers/STM32F0xx_HAL_Driver/Src/stm32f0xx_hal_cortex.o
                0x0800037c                HAL_SYSTICK_IRQHandler
 .text.HAL_GPIO_Init
                0x08000384      0x188 Drivers/STM32F0xx_HAL_Driver/Src/stm32f0xx_hal_gpio.o
                0x08000384                HAL_GPIO_Init
 .text.HAL_GPIO_WritePin
                0x0800050c        0xc Drivers/STM32F0xx_HAL_Driver/Src/stm32f0xx_hal_gpio.o
                0x0800050c                HAL_GPIO_WritePin
 .text.HAL_RCC_OscConfig
                0x08000518      0x480 Drivers/STM32F0xx_HAL_Driver/Src/stm32f0xx_hal_rcc.o
                0x08000518                HAL_RCC_OscConfig
 .text.HAL_RCC_GetSysClockFreq
                0x08000998       0x68 Drivers/STM32F0xx_HAL_Driver/Src/stm32f0xx_hal_rcc.o
                0x08000998                HAL_RCC_GetSysClockFreq
 .text.HAL_RCC_ClockConfig
                0x08000a00      0x160 Drivers/STM32F0xx_HAL_Driver/Src/stm32f0xx_hal_rcc.o
                0x08000a00                HAL_RCC_ClockConfig
 .text.HAL_RCC_GetHCLKFreq
                0x08000b60        0xc Drivers/STM32F0xx_HAL_Driver/Src/stm32f0xx_hal_rcc.o
                0x08000b60                HAL_RCC_GetHCLKFreq
 .text.SPI_WaitFlagStateUntilTimeout
                0x08000b6c       0x9c Drivers/STM32F0xx_HAL_Driver/Src/stm32f0xx_hal_spi.o
 .text.SPI_WaitFifoStateUntilTimeout
                0x08000c08       0xac Drivers/STM32F0xx_HAL_Driver/Src/stm32f0xx_hal_spi.o
 .text.SPI_EndRxTxTransaction
                0x08000cb4       0x68 Drivers/STM32F0xx_HAL_Driver/Src/stm32f0xx_hal_spi.o
 .text.HAL_SPI_Init
                0x08000d1c       0xcc Drivers/STM32F0xx_HAL_Driver/Src/stm32f0xx_hal_spi.o
                0x08000d1c                HAL_SPI_Init
 .text.HAL_SPI_Transmit
                0x08000de8      0x1c4 Drivers/STM32F0xx_HAL_Driver/Src/stm32f0xx_hal_spi.o
                0x08000de8                HAL_SPI_Transmit
 .text.MX_GPIO_Init
                0x08000fac       0xc0 Src/main.o
 .text._Error_Handler
                0x0800106c        0x4 Src/main.o
                0x0800106c                _Error_Handler
 .text.MX_SPI1_Init
                0x08001070       0x58 Src/main.o
 .text.SystemClock_Config
                0x080010c8       0x7c Src/main.o
                0x080010c8                SystemClock_Config
 .text.main     0x08001144       0x24 Src/main.o
                0x08001144                main
 .text.ssd1306SendByte
                0x08001168       0x1c Src/sh1106.o
                0x08001168                ssd1306SendByte
 .text.ssd1306Refresh
                0x08001184       0x88 Src/sh1106.o
                0x08001184                ssd1306Refresh
 .text.ssd1306TurnOn
                0x0800120c       0x30 Src/sh1106.o
                0x0800120c                ssd1306TurnOn
 .text.ssd1306Init
                0x0800123c      0x37c Src/sh1106.o
                0x0800123c                ssd1306Init
 .text.ssd1306ClearScreen
                0x080015b8       0x60 Src/sh1106.o
                0x080015b8                ssd1306ClearScreen
 .text.SSD1306LibTest
                0x08001618      0x1a0 Src/sh1106test.o
                0x08001618                SSD1306LibTest
 .text.HAL_MspInit
                0x080017b8       0x40 Src/stm32f0xx_hal_msp.o
                0x080017b8                HAL_MspInit
 .text.HAL_SPI_MspInit
                0x080017f8       0x48 Src/stm32f0xx_hal_msp.o
                0x080017f8                HAL_SPI_MspInit
 .text.NMI_Handler
                0x08001840        0x4 Src/stm32f0xx_it.o
                0x08001840                NMI_Handler
 .text.HardFault_Handler
                0x08001844        0x4 Src/stm32f0xx_it.o
                0x08001844                HardFault_Handler
 .text.SVC_Handler
                0x08001848        0x4 Src/stm32f0xx_it.o
                0x08001848                SVC_Handler
 .text.PendSV_Handler
                0x0800184c        0x4 Src/stm32f0xx_it.o
                0x0800184c                PendSV_Handler
 .text.SysTick_Handler
                0x08001850        0xc Src/stm32f0xx_it.o
                0x08001850                SysTick_Handler
 .text.SystemInit
                0x0800185c       0x60 Src/system_stm32f0xx.o
                0x0800185c                SystemInit
 .text.Reset_Handler
                0x080018bc       0x50 startup/startup_stm32f030x8.o
                0x080018bc                Reset_Handler
 .text.Default_Handler
                0x0800190c        0x2 startup/startup_stm32f030x8.o
                0x0800190c                TIM1_CC_IRQHandler
                0x0800190c                TIM6_IRQHandler
                0x0800190c                I2C1_IRQHandler
                0x0800190c                SPI1_IRQHandler
                0x0800190c                EXTI2_3_IRQHandler
                0x0800190c                ADC1_IRQHandler
                0x0800190c                I2C2_IRQHandler
                0x0800190c                TIM17_IRQHandler
                0x0800190c                RTC_IRQHandler
                0x0800190c                TIM16_IRQHandler
                0x0800190c                TIM3_IRQHandler
                0x0800190c                EXTI4_15_IRQHandler
                0x0800190c                RCC_IRQHandler
                0x0800190c                DMA1_Channel1_IRQHandler
                0x0800190c                Default_Handler
                0x0800190c                TIM14_IRQHandler
                0x0800190c                DMA1_Channel4_5_IRQHandler
                0x0800190c                TIM15_IRQHandler
                0x0800190c                EXTI0_1_IRQHandler
                0x0800190c                SPI2_IRQHandler
                0x0800190c                WWDG_IRQHandler
                0x0800190c                DMA1_Channel2_3_IRQHandler
                0x0800190c                USART2_IRQHandler
                0x0800190c                FLASH_IRQHandler
                0x0800190c                USART1_IRQHandler
                0x0800190c                TIM1_BRK_UP_TRG_COM_IRQHandler
 *fill*         0x0800190e        0x2 
 .text.__libc_init_array
                0x08001910       0x4c c:/users/riyamoll/downloads/eclipse-cpp-neon-3-win32/eclipse/plugins/fr.ac6.mcu.externaltools.arm-none.win32_1.13.3.201707031232/tools/compiler/bin/../lib/gcc/arm-none-eabi/5.4.1/../../../../arm-none-eabi/lib/armv6-m\libc_nano.a(lib_a-init.o)
                0x08001910                __libc_init_array
 .text.memcpy   0x0800195c       0x12 c:/users/riyamoll/downloads/eclipse-cpp-neon-3-win32/eclipse/plugins/fr.ac6.mcu.externaltools.arm-none.win32_1.13.3.201707031232/tools/compiler/bin/../lib/gcc/arm-none-eabi/5.4.1/../../../../arm-none-eabi/lib/armv6-m\libc_nano.a(lib_a-memcpy-stub.o)
                0x0800195c                memcpy
 .text.memmove  0x0800196e       0x2a c:/users/riyamoll/downloads/eclipse-cpp-neon-3-win32/eclipse/plugins/fr.ac6.mcu.externaltools.arm-none.win32_1.13.3.201707031232/tools/compiler/bin/../lib/gcc/arm-none-eabi/5.4.1/../../../../arm-none-eabi/lib/armv6-m\libc_nano.a(lib_a-memmove.o)
                0x0800196e                memmove
 *(.glue_7)
 .glue_7        0x08001998        0x0 linker stubs
 *(.glue_7t)
 .glue_7t       0x08001998        0x0 linker stubs
 *(.eh_frame)
 .eh_frame      0x08001998        0x0 c:/users/riyamoll/downloads/eclipse-cpp-neon-3-win32/eclipse/plugins/fr.ac6.mcu.externaltools.arm-none.win32_1.13.3.201707031232/tools/compiler/bin/../lib/gcc/arm-none-eabi/5.4.1/armv6-m/crtbegin.o
 *(.init)
 .init          0x08001998        0x4 c:/users/riyamoll/downloads/eclipse-cpp-neon-3-win32/eclipse/plugins/fr.ac6.mcu.externaltools.arm-none.win32_1.13.3.201707031232/tools/compiler/bin/../lib/gcc/arm-none-eabi/5.4.1/armv6-m/crti.o
                0x08001998                _init
 .init          0x0800199c        0x8 c:/users/riyamoll/downloads/eclipse-cpp-neon-3-win32/eclipse/plugins/fr.ac6.mcu.externaltools.arm-none.win32_1.13.3.201707031232/tools/compiler/bin/../lib/gcc/arm-none-eabi/5.4.1/armv6-m/crtn.o
 *(.fini)
 .fini          0x080019a4        0x4 c:/users/riyamoll/downloads/eclipse-cpp-neon-3-win32/eclipse/plugins/fr.ac6.mcu.externaltools.arm-none.win32_1.13.3.201707031232/tools/compiler/bin/../lib/gcc/arm-none-eabi/5.4.1/armv6-m/crti.o
                0x080019a4                _fini
 .fini          0x080019a8        0x8 c:/users/riyamoll/downloads/eclipse-cpp-neon-3-win32/eclipse/plugins/fr.ac6.mcu.externaltools.arm-none.win32_1.13.3.201707031232/tools/compiler/bin/../lib/gcc/arm-none-eabi/5.4.1/armv6-m/crtn.o
                0x080019b0                . = ALIGN (0x4)
                0x080019b0                _etext = .

.vfp11_veneer   0x080019b0        0x0
 .vfp11_veneer  0x080019b0        0x0 linker stubs

.v4_bx          0x080019b0        0x0
 .v4_bx         0x080019b0        0x0 linker stubs

.iplt           0x080019b0        0x0
 .iplt          0x080019b0        0x0 c:/users/riyamoll/downloads/eclipse-cpp-neon-3-win32/eclipse/plugins/fr.ac6.mcu.externaltools.arm-none.win32_1.13.3.201707031232/tools/compiler/bin/../lib/gcc/arm-none-eabi/5.4.1/armv6-m/crtbegin.o

.rodata         0x080019b0      0x3ac
                0x080019b0                . = ALIGN (0x4)
 *(.rodata)
 .rodata        0x080019b0       0x20 Drivers/STM32F0xx_HAL_Driver/Src/stm32f0xx_hal_rcc.o
 .rodata        0x080019d0      0x364 Src/sh1106test.o
 .rodata        0x08001d34       0x18 Src/system_stm32f0xx.o
                0x08001d34                AHBPrescTable
                0x08001d44                APBPrescTable
 *(.rodata*)
 .rodata.str1.4
                0x08001d4c       0x10 Src/main.o
                                  0xe (size before relaxing)
                0x08001d5c                . = ALIGN (0x4)

.rel.dyn        0x08001d5c        0x0
 .rel.iplt      0x08001d5c        0x0 c:/users/riyamoll/downloads/eclipse-cpp-neon-3-win32/eclipse/plugins/fr.ac6.mcu.externaltools.arm-none.win32_1.13.3.201707031232/tools/compiler/bin/../lib/gcc/arm-none-eabi/5.4.1/armv6-m/crtbegin.o

.ARM.extab
 *(.ARM.extab* .gnu.linkonce.armextab.*)

.ARM            0x08001d5c        0x0
                0x08001d5c                __exidx_start = .
 *(.ARM.exidx*)
                0x08001d5c                __exidx_end = .

.preinit_array  0x08001d5c        0x0
                0x08001d5c                PROVIDE (__preinit_array_start, .)
 *(.preinit_array*)
                0x08001d5c                PROVIDE (__preinit_array_end, .)

.init_array     0x08001d5c        0x4
                0x08001d5c                PROVIDE (__init_array_start, .)
 *(SORT(.init_array.*))
 *(.init_array*)
 .init_array    0x08001d5c        0x4 c:/users/riyamoll/downloads/eclipse-cpp-neon-3-win32/eclipse/plugins/fr.ac6.mcu.externaltools.arm-none.win32_1.13.3.201707031232/tools/compiler/bin/../lib/gcc/arm-none-eabi/5.4.1/armv6-m/crtbegin.o
                0x08001d60                PROVIDE (__init_array_end, .)

.fini_array     0x08001d60        0x4
                [!provide]                PROVIDE (__fini_array_start, .)
 *(SORT(.fini_array.*))
 *(.fini_array*)
 .fini_array    0x08001d60        0x4 c:/users/riyamoll/downloads/eclipse-cpp-neon-3-win32/eclipse/plugins/fr.ac6.mcu.externaltools.arm-none.win32_1.13.3.201707031232/tools/compiler/bin/../lib/gcc/arm-none-eabi/5.4.1/armv6-m/crtbegin.o
                [!provide]                PROVIDE (__fini_array_end, .)
                0x08001d64                _sidata = LOADADDR (.data)

.data           0x20000000        0x4 load address 0x08001d64
                0x20000000                . = ALIGN (0x4)
                0x20000000                _sdata = .
 *(.data)
 .data          0x20000000        0x4 Src/system_stm32f0xx.o
                0x20000000                SystemCoreClock
 *(.data*)
                0x20000004                . = ALIGN (0x4)
                0x20000004                _edata = .

.jcr            0x20000004        0x0 load address 0x08001d68
 .jcr           0x20000004        0x0 c:/users/riyamoll/downloads/eclipse-cpp-neon-3-win32/eclipse/plugins/fr.ac6.mcu.externaltools.arm-none.win32_1.13.3.201707031232/tools/compiler/bin/../lib/gcc/arm-none-eabi/5.4.1/armv6-m/crtbegin.o

.igot.plt       0x20000004        0x0 load address 0x08001d68
 .igot.plt      0x20000004        0x0 c:/users/riyamoll/downloads/eclipse-cpp-neon-3-win32/eclipse/plugins/fr.ac6.mcu.externaltools.arm-none.win32_1.13.3.201707031232/tools/compiler/bin/../lib/gcc/arm-none-eabi/5.4.1/armv6-m/crtbegin.o
                0x20000004                . = ALIGN (0x4)

.bss            0x20000004      0x4a4 load address 0x08001d68
                0x20000004                _sbss = .
                0x20000004                __bss_start__ = _sbss
 *(.bss)
 .bss           0x20000004       0x1c c:/users/riyamoll/downloads/eclipse-cpp-neon-3-win32/eclipse/plugins/fr.ac6.mcu.externaltools.arm-none.win32_1.13.3.201707031232/tools/compiler/bin/../lib/gcc/arm-none-eabi/5.4.1/armv6-m/crtbegin.o
 .bss           0x20000020      0x420 Src/sh1106.o
 *(.bss*)
 *(COMMON)
 COMMON         0x20000440        0x4 Drivers/STM32F0xx_HAL_Driver/Src/stm32f0xx_hal.o
                0x20000440                uwTick
 COMMON         0x20000444       0x64 Src/main.o
                0x20000444                hspi1
                0x200004a8                . = ALIGN (0x4)
                0x200004a8                _ebss = .
                0x200004a8                __bss_end__ = _ebss

._user_heap_stack
                0x200004a8      0x600 load address 0x08001d68
                0x200004a8                . = ALIGN (0x8)
                [!provide]                PROVIDE (end, .)
                [!provide]                PROVIDE (_end, .)
                0x200006a8                . = (. + _Min_Heap_Size)
 *fill*         0x200004a8      0x200 
                0x20000aa8                . = (. + _Min_Stack_Size)
 *fill*         0x200006a8      0x400 
                0x20000aa8                . = ALIGN (0x8)

/DISCARD/
 libc.a(*)
 libm.a(*)
 libgcc.a(*)

.ARM.attributes
                0x00000000       0x28
 *(.ARM.attributes)
 .ARM.attributes
                0x00000000       0x1e c:/users/riyamoll/downloads/eclipse-cpp-neon-3-win32/eclipse/plugins/fr.ac6.mcu.externaltools.arm-none.win32_1.13.3.201707031232/tools/compiler/bin/../lib/gcc/arm-none-eabi/5.4.1/armv6-m/crti.o
 .ARM.attributes
                0x0000001e       0x2c c:/users/riyamoll/downloads/eclipse-cpp-neon-3-win32/eclipse/plugins/fr.ac6.mcu.externaltools.arm-none.win32_1.13.3.201707031232/tools/compiler/bin/../lib/gcc/arm-none-eabi/5.4.1/armv6-m/crtbegin.o
 .ARM.attributes
                0x0000004a       0x31 Drivers/STM32F0xx_HAL_Driver/Src/stm32f0xx_hal.o
 .ARM.attributes
                0x0000007b       0x31 Drivers/STM32F0xx_HAL_Driver/Src/stm32f0xx_hal_cortex.o
 .ARM.attributes
                0x000000ac       0x31 Drivers/STM32F0xx_HAL_Driver/Src/stm32f0xx_hal_gpio.o
 .ARM.attributes
                0x000000dd       0x31 Drivers/STM32F0xx_HAL_Driver/Src/stm32f0xx_hal_rcc.o
 .ARM.attributes
                0x0000010e       0x31 Drivers/STM32F0xx_HAL_Driver/Src/stm32f0xx_hal_spi.o
 .ARM.attributes
                0x0000013f       0x31 Src/main.o
 .ARM.attributes
                0x00000170       0x31 Src/sh1106.o
 .ARM.attributes
                0x000001a1       0x31 Src/sh1106test.o
 .ARM.attributes
                0x000001d2       0x31 Src/stm32f0xx_hal_msp.o
 .ARM.attributes
                0x00000203       0x31 Src/stm32f0xx_it.o
 .ARM.attributes
                0x00000234       0x31 Src/system_stm32f0xx.o
 .ARM.attributes
                0x00000265       0x21 startup/startup_stm32f030x8.o
 .ARM.attributes
                0x00000286       0x1e c:/users/riyamoll/downloads/eclipse-cpp-neon-3-win32/eclipse/plugins/fr.ac6.mcu.externaltools.arm-none.win32_1.13.3.201707031232/tools/compiler/bin/../lib/gcc/arm-none-eabi/5.4.1/armv6-m\libgcc.a(_udivsi3.o)
 .ARM.attributes
                0x000002a4       0x1e c:/users/riyamoll/downloads/eclipse-cpp-neon-3-win32/eclipse/plugins/fr.ac6.mcu.externaltools.arm-none.win32_1.13.3.201707031232/tools/compiler/bin/../lib/gcc/arm-none-eabi/5.4.1/armv6-m\libgcc.a(_dvmd_tls.o)
 .ARM.attributes
                0x000002c2       0x2c c:/users/riyamoll/downloads/eclipse-cpp-neon-3-win32/eclipse/plugins/fr.ac6.mcu.externaltools.arm-none.win32_1.13.3.201707031232/tools/compiler/bin/../lib/gcc/arm-none-eabi/5.4.1/../../../../arm-none-eabi/lib/armv6-m\libc_nano.a(lib_a-init.o)
 .ARM.attributes
                0x000002ee       0x2c c:/users/riyamoll/downloads/eclipse-cpp-neon-3-win32/eclipse/plugins/fr.ac6.mcu.externaltools.arm-none.win32_1.13.3.201707031232/tools/compiler/bin/../lib/gcc/arm-none-eabi/5.4.1/../../../../arm-none-eabi/lib/armv6-m\libc_nano.a(lib_a-memcpy-stub.o)
 .ARM.attributes
                0x0000031a       0x2c c:/users/riyamoll/downloads/eclipse-cpp-neon-3-win32/eclipse/plugins/fr.ac6.mcu.externaltools.arm-none.win32_1.13.3.201707031232/tools/compiler/bin/../lib/gcc/arm-none-eabi/5.4.1/../../../../arm-none-eabi/lib/armv6-m\libc_nano.a(lib_a-memmove.o)
 .ARM.attributes
                0x00000346       0x1e c:/users/riyamoll/downloads/eclipse-cpp-neon-3-win32/eclipse/plugins/fr.ac6.mcu.externaltools.arm-none.win32_1.13.3.201707031232/tools/compiler/bin/../lib/gcc/arm-none-eabi/5.4.1/armv6-m/crtn.o
OUTPUT(DISCO_TEST.elf elf32-littlearm)

.debug_info     0x00000000     0x74c6
 .debug_info    0x00000000      0x5e0 Drivers/STM32F0xx_HAL_Driver/Src/stm32f0xx_hal.o
 .debug_info    0x000005e0      0x761 Drivers/STM32F0xx_HAL_Driver/Src/stm32f0xx_hal_cortex.o
 .debug_info    0x00000d41      0x5dd Drivers/STM32F0xx_HAL_Driver/Src/stm32f0xx_hal_gpio.o
 .debug_info    0x0000131e      0x975 Drivers/STM32F0xx_HAL_Driver/Src/stm32f0xx_hal_rcc.o
 .debug_info    0x00001c93     0x1d5a Drivers/STM32F0xx_HAL_Driver/Src/stm32f0xx_hal_spi.o
 .debug_info    0x000039ed     0x108c Src/main.o
 .debug_info    0x00004a79     0x1878 Src/sh1106.o
 .debug_info    0x000062f1      0x4dc Src/sh1106test.o
 .debug_info    0x000067cd      0x922 Src/stm32f0xx_hal_msp.o
 .debug_info    0x000070ef      0x108 Src/stm32f0xx_it.o
 .debug_info    0x000071f7      0x24b Src/system_stm32f0xx.o
 .debug_info    0x00007442       0x84 startup/startup_stm32f030x8.o

.debug_abbrev   0x00000000     0x1384
 .debug_abbrev  0x00000000      0x1f7 Drivers/STM32F0xx_HAL_Driver/Src/stm32f0xx_hal.o
 .debug_abbrev  0x000001f7      0x257 Drivers/STM32F0xx_HAL_Driver/Src/stm32f0xx_hal_cortex.o
 .debug_abbrev  0x0000044e      0x1d4 Drivers/STM32F0xx_HAL_Driver/Src/stm32f0xx_hal_gpio.o
 .debug_abbrev  0x00000622      0x231 Drivers/STM32F0xx_HAL_Driver/Src/stm32f0xx_hal_rcc.o
 .debug_abbrev  0x00000853      0x24f Drivers/STM32F0xx_HAL_Driver/Src/stm32f0xx_hal_spi.o
 .debug_abbrev  0x00000aa2      0x217 Src/main.o
 .debug_abbrev  0x00000cb9      0x21a Src/sh1106.o
 .debug_abbrev  0x00000ed3      0x176 Src/sh1106test.o
 .debug_abbrev  0x00001049      0x18f Src/stm32f0xx_hal_msp.o
 .debug_abbrev  0x000011d8       0xa7 Src/stm32f0xx_it.o
 .debug_abbrev  0x0000127f       0xf3 Src/system_stm32f0xx.o
 .debug_abbrev  0x00001372       0x12 startup/startup_stm32f030x8.o

.debug_loc      0x00000000     0x2ca7
 .debug_loc     0x00000000       0x7c Drivers/STM32F0xx_HAL_Driver/Src/stm32f0xx_hal.o
 .debug_loc     0x0000007c      0x39b Drivers/STM32F0xx_HAL_Driver/Src/stm32f0xx_hal_cortex.o
 .debug_loc     0x00000417      0x2bc Drivers/STM32F0xx_HAL_Driver/Src/stm32f0xx_hal_gpio.o
 .debug_loc     0x000006d3      0x4c4 Drivers/STM32F0xx_HAL_Driver/Src/stm32f0xx_hal_rcc.o
 .debug_loc     0x00000b97     0x1a8c Drivers/STM32F0xx_HAL_Driver/Src/stm32f0xx_hal_spi.o
 .debug_loc     0x00002623      0x3f4 Src/sh1106.o
 .debug_loc     0x00002a17      0x150 Src/sh1106test.o
 .debug_loc     0x00002b67       0x42 Src/stm32f0xx_hal_msp.o
 .debug_loc     0x00002ba9       0xfe Src/system_stm32f0xx.o

.debug_aranges  0x00000000      0x548
 .debug_aranges
                0x00000000       0xb8 Drivers/STM32F0xx_HAL_Driver/Src/stm32f0xx_hal.o
 .debug_aranges
                0x000000b8       0x78 Drivers/STM32F0xx_HAL_Driver/Src/stm32f0xx_hal_cortex.o
 .debug_aranges
                0x00000130       0x58 Drivers/STM32F0xx_HAL_Driver/Src/stm32f0xx_hal_gpio.o
 .debug_aranges
                0x00000188       0x80 Drivers/STM32F0xx_HAL_Driver/Src/stm32f0xx_hal_rcc.o
 .debug_aranges
                0x00000208      0x1d8 Drivers/STM32F0xx_HAL_Driver/Src/stm32f0xx_hal_spi.o
 .debug_aranges
                0x000003e0       0x40 Src/main.o
 .debug_aranges
                0x00000420       0x48 Src/sh1106.o
 .debug_aranges
                0x00000468       0x20 Src/sh1106test.o
 .debug_aranges
                0x00000488       0x30 Src/stm32f0xx_hal_msp.o
 .debug_aranges
                0x000004b8       0x40 Src/stm32f0xx_it.o
 .debug_aranges
                0x000004f8       0x28 Src/system_stm32f0xx.o
 .debug_aranges
                0x00000520       0x28 startup/startup_stm32f030x8.o

.debug_ranges   0x00000000      0x4a8
 .debug_ranges  0x00000000       0xa8 Drivers/STM32F0xx_HAL_Driver/Src/stm32f0xx_hal.o
 .debug_ranges  0x000000a8       0x68 Drivers/STM32F0xx_HAL_Driver/Src/stm32f0xx_hal_cortex.o
 .debug_ranges  0x00000110       0x48 Drivers/STM32F0xx_HAL_Driver/Src/stm32f0xx_hal_gpio.o
 .debug_ranges  0x00000158       0x88 Drivers/STM32F0xx_HAL_Driver/Src/stm32f0xx_hal_rcc.o
 .debug_ranges  0x000001e0      0x1c8 Drivers/STM32F0xx_HAL_Driver/Src/stm32f0xx_hal_spi.o
 .debug_ranges  0x000003a8       0x30 Src/main.o
 .debug_ranges  0x000003d8       0x38 Src/sh1106.o
 .debug_ranges  0x00000410       0x10 Src/sh1106test.o
 .debug_ranges  0x00000420       0x20 Src/stm32f0xx_hal_msp.o
 .debug_ranges  0x00000440       0x30 Src/stm32f0xx_it.o
 .debug_ranges  0x00000470       0x18 Src/system_stm32f0xx.o
 .debug_ranges  0x00000488       0x20 startup/startup_stm32f030x8.o

.debug_macro    0x00000000     0xcd80
 .debug_macro   0x00000000      0x30d Drivers/STM32F0xx_HAL_Driver/Src/stm32f0xx_hal.o
 .debug_macro   0x0000030d      0x832 Drivers/STM32F0xx_HAL_Driver/Src/stm32f0xx_hal.o
 .debug_macro   0x00000b3f       0x64 Drivers/STM32F0xx_HAL_Driver/Src/stm32f0xx_hal.o
 .debug_macro   0x00000ba3       0xa5 Drivers/STM32F0xx_HAL_Driver/Src/stm32f0xx_hal.o
 .debug_macro   0x00000c48       0x2e Drivers/STM32F0xx_HAL_Driver/Src/stm32f0xx_hal.o
 .debug_macro   0x00000c76       0x22 Drivers/STM32F0xx_HAL_Driver/Src/stm32f0xx_hal.o
 .debug_macro   0x00000c98       0x22 Drivers/STM32F0xx_HAL_Driver/Src/stm32f0xx_hal.o
 .debug_macro   0x00000cba       0x87 Drivers/STM32F0xx_HAL_Driver/Src/stm32f0xx_hal.o
 .debug_macro   0x00000d41       0x44 Drivers/STM32F0xx_HAL_Driver/Src/stm32f0xx_hal.o
 .debug_macro   0x00000d85       0xfd Drivers/STM32F0xx_HAL_Driver/Src/stm32f0xx_hal.o
 .debug_macro   0x00000e82       0x5e Drivers/STM32F0xx_HAL_Driver/Src/stm32f0xx_hal.o
 .debug_macro   0x00000ee0      0x1df Drivers/STM32F0xx_HAL_Driver/Src/stm32f0xx_hal.o
 .debug_macro   0x000010bf       0x34 Drivers/STM32F0xx_HAL_Driver/Src/stm32f0xx_hal.o
 .debug_macro   0x000010f3       0x26 Drivers/STM32F0xx_HAL_Driver/Src/stm32f0xx_hal.o
 .debug_macro   0x00001119      0x30d Drivers/STM32F0xx_HAL_Driver/Src/stm32f0xx_hal.o
 .debug_macro   0x00001426     0x6fa9 Drivers/STM32F0xx_HAL_Driver/Src/stm32f0xx_hal.o
 .debug_macro   0x000083cf       0x3c Drivers/STM32F0xx_HAL_Driver/Src/stm32f0xx_hal.o
 .debug_macro   0x0000840b       0x52 Drivers/STM32F0xx_HAL_Driver/Src/stm32f0xx_hal.o
 .debug_macro   0x0000845d       0x35 Drivers/STM32F0xx_HAL_Driver/Src/stm32f0xx_hal.o
 .debug_macro   0x00008492       0x9c Drivers/STM32F0xx_HAL_Driver/Src/stm32f0xx_hal.o
 .debug_macro   0x0000852e       0x16 Drivers/STM32F0xx_HAL_Driver/Src/stm32f0xx_hal.o
 .debug_macro   0x00008544       0x97 Drivers/STM32F0xx_HAL_Driver/Src/stm32f0xx_hal.o
 .debug_macro   0x000085db      0x30d Drivers/STM32F0xx_HAL_Driver/Src/stm32f0xx_hal.o
 .debug_macro   0x000088e8       0xfd Drivers/STM32F0xx_HAL_Driver/Src/stm32f0xx_hal.o
 .debug_macro   0x000089e5       0x10 Drivers/STM32F0xx_HAL_Driver/Src/stm32f0xx_hal.o
 .debug_macro   0x000089f5       0x52 Drivers/STM32F0xx_HAL_Driver/Src/stm32f0xx_hal.o
 .debug_macro   0x00008a47       0x1f Drivers/STM32F0xx_HAL_Driver/Src/stm32f0xx_hal.o
 .debug_macro   0x00008a66       0x43 Drivers/STM32F0xx_HAL_Driver/Src/stm32f0xx_hal.o
 .debug_macro   0x00008aa9       0x20 Drivers/STM32F0xx_HAL_Driver/Src/stm32f0xx_hal.o
 .debug_macro   0x00008ac9      0x187 Drivers/STM32F0xx_HAL_Driver/Src/stm32f0xx_hal.o
 .debug_macro   0x00008c50       0x10 Drivers/STM32F0xx_HAL_Driver/Src/stm32f0xx_hal.o
 .debug_macro   0x00008c60       0x1c Drivers/STM32F0xx_HAL_Driver/Src/stm32f0xx_hal.o
 .debug_macro   0x00008c7c       0x52 Drivers/STM32F0xx_HAL_Driver/Src/stm32f0xx_hal.o
 .debug_macro   0x00008cce       0x40 Drivers/STM32F0xx_HAL_Driver/Src/stm32f0xx_hal.o
 .debug_macro   0x00008d0e       0x10 Drivers/STM32F0xx_HAL_Driver/Src/stm32f0xx_hal.o
 .debug_macro   0x00008d1e       0x40 Drivers/STM32F0xx_HAL_Driver/Src/stm32f0xx_hal.o
 .debug_macro   0x00008d5e       0xd7 Drivers/STM32F0xx_HAL_Driver/Src/stm32f0xx_hal.o
 .debug_macro   0x00008e35       0x16 Drivers/STM32F0xx_HAL_Driver/Src/stm32f0xx_hal.o
 .debug_macro   0x00008e4b      0x18b Drivers/STM32F0xx_HAL_Driver/Src/stm32f0xx_hal.o
 .debug_macro   0x00008fd6       0x49 Drivers/STM32F0xx_HAL_Driver/Src/stm32f0xx_hal.o
 .debug_macro   0x0000901f      0x92f Drivers/STM32F0xx_HAL_Driver/Src/stm32f0xx_hal.o
 .debug_macro   0x0000994e      0x180 Drivers/STM32F0xx_HAL_Driver/Src/stm32f0xx_hal.o
 .debug_macro   0x00009ace      0x13a Drivers/STM32F0xx_HAL_Driver/Src/stm32f0xx_hal.o
 .debug_macro   0x00009c08       0xdd Drivers/STM32F0xx_HAL_Driver/Src/stm32f0xx_hal.o
 .debug_macro   0x00009ce5      0x1ed Drivers/STM32F0xx_HAL_Driver/Src/stm32f0xx_hal.o
 .debug_macro   0x00009ed2       0x34 Drivers/STM32F0xx_HAL_Driver/Src/stm32f0xx_hal.o
 .debug_macro   0x00009f06       0x43 Drivers/STM32F0xx_HAL_Driver/Src/stm32f0xx_hal.o
 .debug_macro   0x00009f49       0x28 Drivers/STM32F0xx_HAL_Driver/Src/stm32f0xx_hal.o
 .debug_macro   0x00009f71       0xb6 Drivers/STM32F0xx_HAL_Driver/Src/stm32f0xx_hal.o
 .debug_macro   0x0000a027      0x199 Drivers/STM32F0xx_HAL_Driver/Src/stm32f0xx_hal.o
 .debug_macro   0x0000a1c0      0x202 Drivers/STM32F0xx_HAL_Driver/Src/stm32f0xx_hal.o
 .debug_macro   0x0000a3c2       0x61 Drivers/STM32F0xx_HAL_Driver/Src/stm32f0xx_hal.o
 .debug_macro   0x0000a423       0x90 Drivers/STM32F0xx_HAL_Driver/Src/stm32f0xx_hal.o
 .debug_macro   0x0000a4b3       0x4d Drivers/STM32F0xx_HAL_Driver/Src/stm32f0xx_hal.o
 .debug_macro   0x0000a500       0x2d Drivers/STM32F0xx_HAL_Driver/Src/stm32f0xx_hal.o
 .debug_macro   0x0000a52d      0x2f0 Drivers/STM32F0xx_HAL_Driver/Src/stm32f0xx_hal.o
 .debug_macro   0x0000a81d       0xf8 Drivers/STM32F0xx_HAL_Driver/Src/stm32f0xx_hal.o
 .debug_macro   0x0000a915      0x2e9 Drivers/STM32F0xx_HAL_Driver/Src/stm32f0xx_hal_cortex.o
 .debug_macro   0x0000abfe      0x321 Drivers/STM32F0xx_HAL_Driver/Src/stm32f0xx_hal_gpio.o
 .debug_macro   0x0000af1f      0x2fb Drivers/STM32F0xx_HAL_Driver/Src/stm32f0xx_hal_rcc.o
 .debug_macro   0x0000b21a      0x2f1 Drivers/STM32F0xx_HAL_Driver/Src/stm32f0xx_hal_spi.o
 .debug_macro   0x0000b50b      0x319 Src/main.o
 .debug_macro   0x0000b824       0xf8 Src/main.o
 .debug_macro   0x0000b91c      0x1e1 Src/main.o
 .debug_macro   0x0000bafd      0x112 Src/main.o
 .debug_macro   0x0000bc0f      0x380 Src/sh1106.o
 .debug_macro   0x0000bf8f       0x16 Src/sh1106.o
 .debug_macro   0x0000bfa5       0x35 Src/sh1106.o
 .debug_macro   0x0000bfda       0x16 Src/sh1106.o
 .debug_macro   0x0000bff0       0x16 Src/sh1106.o
 .debug_macro   0x0000c006       0x29 Src/sh1106.o
 .debug_macro   0x0000c02f      0x374 Src/sh1106test.o
 .debug_macro   0x0000c3a3      0x118 Src/sh1106test.o
 .debug_macro   0x0000c4bb      0x2e9 Src/stm32f0xx_hal_msp.o
 .debug_macro   0x0000c7a4      0x2f3 Src/stm32f0xx_it.o
 .debug_macro   0x0000ca97      0x2e9 Src/system_stm32f0xx.o

.debug_line     0x00000000     0x6dba
 .debug_line    0x00000000      0x96f Drivers/STM32F0xx_HAL_Driver/Src/stm32f0xx_hal.o
 .debug_line    0x0000096f      0x954 Drivers/STM32F0xx_HAL_Driver/Src/stm32f0xx_hal_cortex.o
 .debug_line    0x000012c3      0x93e Drivers/STM32F0xx_HAL_Driver/Src/stm32f0xx_hal_gpio.o
 .debug_line    0x00001c01      0xa8f Drivers/STM32F0xx_HAL_Driver/Src/stm32f0xx_hal_rcc.o
 .debug_line    0x00002690     0x12b1 Drivers/STM32F0xx_HAL_Driver/Src/stm32f0xx_hal_spi.o
 .debug_line    0x00003941      0x8a2 Src/main.o
 .debug_line    0x000041e3      0x9c3 Src/sh1106.o
 .debug_line    0x00004ba6      0x90e Src/sh1106test.o
 .debug_line    0x000054b4      0x821 Src/stm32f0xx_hal_msp.o
 .debug_line    0x00005cd5      0x842 Src/stm32f0xx_it.o
 .debug_line    0x00006517      0x820 Src/system_stm32f0xx.o
 .debug_line    0x00006d37       0x83 startup/startup_stm32f030x8.o

.debug_str      0x00000000    0x4075c
 .debug_str     0x00000000    0x3e54a Drivers/STM32F0xx_HAL_Driver/Src/stm32f0xx_hal.o
                              0x3e7b4 (size before relaxing)
 .debug_str     0x0003e54a      0x1f8 Drivers/STM32F0xx_HAL_Driver/Src/stm32f0xx_hal_cortex.o
                              0x3e662 (size before relaxing)
 .debug_str     0x0003e742      0x299 Drivers/STM32F0xx_HAL_Driver/Src/stm32f0xx_hal_gpio.o
                              0x3e554 (size before relaxing)
 .debug_str     0x0003e9db      0x36e Drivers/STM32F0xx_HAL_Driver/Src/stm32f0xx_hal_rcc.o
                              0x3e6fd (size before relaxing)
 .debug_str     0x0003ed49      0x928 Drivers/STM32F0xx_HAL_Driver/Src/stm32f0xx_hal_spi.o
                              0x3ec09 (size before relaxing)
 .debug_str     0x0003f671      0xd53 Src/main.o
                              0x3f790 (size before relaxing)
 .debug_str     0x000403c4      0x269 Src/sh1106.o
                              0x3f5b9 (size before relaxing)
 .debug_str     0x0004062d       0x49 Src/sh1106test.o
                              0x3f1af (size before relaxing)
 .debug_str     0x00040676       0x1b Src/stm32f0xx_hal_msp.o
                              0x3e8b2 (size before relaxing)
 .debug_str     0x00040691       0x71 Src/stm32f0xx_it.o
                              0x3e280 (size before relaxing)
 .debug_str     0x00040702       0x5a Src/system_stm32f0xx.o
                              0x3e2eb (size before relaxing)

.comment        0x00000000       0x6e
 .comment       0x00000000       0x6e Drivers/STM32F0xx_HAL_Driver/Src/stm32f0xx_hal.o
                                 0x6f (size before relaxing)
 .comment       0x0000006e       0x6f Drivers/STM32F0xx_HAL_Driver/Src/stm32f0xx_hal_cortex.o
 .comment       0x0000006e       0x6f Drivers/STM32F0xx_HAL_Driver/Src/stm32f0xx_hal_gpio.o
 .comment       0x0000006e       0x6f Drivers/STM32F0xx_HAL_Driver/Src/stm32f0xx_hal_rcc.o
 .comment       0x0000006e       0x6f Drivers/STM32F0xx_HAL_Driver/Src/stm32f0xx_hal_spi.o
 .comment       0x0000006e       0x6f Src/main.o
 .comment       0x0000006e       0x6f Src/sh1106.o
 .comment       0x0000006e       0x6f Src/sh1106test.o
 .comment       0x0000006e       0x6f Src/stm32f0xx_hal_msp.o
 .comment       0x0000006e       0x6f Src/stm32f0xx_it.o
 .comment       0x0000006e       0x6f Src/system_stm32f0xx.o

.debug_frame    0x00000000      0xcd4
 .debug_frame   0x00000000      0x174 Drivers/STM32F0xx_HAL_Driver/Src/stm32f0xx_hal.o
 .debug_frame   0x00000174       0xe4 Drivers/STM32F0xx_HAL_Driver/Src/stm32f0xx_hal_cortex.o
 .debug_frame   0x00000258       0xcc Drivers/STM32F0xx_HAL_Driver/Src/stm32f0xx_hal_gpio.o
 .debug_frame   0x00000324      0x12c Drivers/STM32F0xx_HAL_Driver/Src/stm32f0xx_hal_rcc.o
 .debug_frame   0x00000450      0x56c Drivers/STM32F0xx_HAL_Driver/Src/stm32f0xx_hal_spi.o
 .debug_frame   0x000009bc       0x88 Src/main.o
 .debug_frame   0x00000a44       0xbc Src/sh1106.o
 .debug_frame   0x00000b00       0x40 Src/sh1106test.o
 .debug_frame   0x00000b40       0x58 Src/stm32f0xx_hal_msp.o
 .debug_frame   0x00000b98       0x68 Src/stm32f0xx_it.o
 .debug_frame   0x00000c00       0x38 Src/system_stm32f0xx.o
 .debug_frame   0x00000c38       0x20 c:/users/riyamoll/downloads/eclipse-cpp-neon-3-win32/eclipse/plugins/fr.ac6.mcu.externaltools.arm-none.win32_1.13.3.201707031232/tools/compiler/bin/../lib/gcc/arm-none-eabi/5.4.1/armv6-m\libgcc.a(_udivsi3.o)
 .debug_frame   0x00000c58       0x2c c:/users/riyamoll/downloads/eclipse-cpp-neon-3-win32/eclipse/plugins/fr.ac6.mcu.externaltools.arm-none.win32_1.13.3.201707031232/tools/compiler/bin/../lib/gcc/arm-none-eabi/5.4.1/../../../../arm-none-eabi/lib/armv6-m\libc_nano.a(lib_a-init.o)
 .debug_frame   0x00000c84       0x28 c:/users/riyamoll/downloads/eclipse-cpp-neon-3-win32/eclipse/plugins/fr.ac6.mcu.externaltools.arm-none.win32_1.13.3.201707031232/tools/compiler/bin/../lib/gcc/arm-none-eabi/5.4.1/../../../../arm-none-eabi/lib/armv6-m\libc_nano.a(lib_a-memcpy-stub.o)
 .debug_frame   0x00000cac       0x28 c:/users/riyamoll/downloads/eclipse-cpp-neon-3-win32/eclipse/plugins/fr.ac6.mcu.externaltools.arm-none.win32_1.13.3.201707031232/tools/compiler/bin/../lib/gcc/arm-none-eabi/5.4.1/../../../../arm-none-eabi/lib/armv6-m\libc_nano.a(lib_a-memmove.o)
